// Jest Snapshot v1, https://goo.gl/fbAQLP

exports[`HomeCategoriesList HomeCategoriesList snapshot 1`] = `
<article>
  <h2
    className="h h2 title"
  >
    home.categories-title
  </h2>
  <div
    className="list horizontal"
  >
    <a
      className=""
      href="/category/business"
      onClick={[Function]}
      onMouseEnter={[Function]}
      onTouchStart={[Function]}
    >
      <div
        className="card large"
      >
        <img
          alt="Business"
          className="icon"
          data-nimg="1"
          decoding="async"
          height={40}
          loading="lazy"
          onError={[Function]}
          onLoad={[Function]}
          src="/_next/image?url=%2Fimg.jpg&w=96&q=75"
          srcSet="/_next/image?url=%2Fimg.jpg&w=48&q=75 1x, /_next/image?url=%2Fimg.jpg&w=96&q=75 2x"
          style={
            {
              "color": "transparent",
            }
          }
          title="Business"
          width={40}
        />
        <h3
          className="h h3 title"
        >
          Business
        </h3>
        <p
          className="p medium description"
        >
          Lorem ipsum dolor sit amet, consectetuer adipiscing elit.
        </p>
      </div>
    </a>
    <a
      className=""
      href="/category/startup"
      onClick={[Function]}
      onMouseEnter={[Function]}
      onTouchStart={[Function]}
    >
      <div
        className="card large"
      >
        <img
          alt="Startup"
          className="icon"
          data-nimg="1"
          decoding="async"
          height={40}
          loading="lazy"
          onError={[Function]}
          onLoad={[Function]}
          src="/_next/image?url=%2Fimg.jpg&w=96&q=75"
          srcSet="/_next/image?url=%2Fimg.jpg&w=48&q=75 1x, /_next/image?url=%2Fimg.jpg&w=96&q=75 2x"
          style={
            {
              "color": "transparent",
            }
          }
          title="Startup"
          width={40}
        />
        <h3
          className="h h3 title"
        >
          Startup
        </h3>
        <p
          className="p medium description"
        >
          Lorem ipsum dolor sit amet, consectetuer adipiscing elit.
        </p>
      </div>
    </a>
    <a
      className=""
      href="/category/economy"
      onClick={[Function]}
      onMouseEnter={[Function]}
      onTouchStart={[Function]}
    >
      <div
        className="card large"
      >
        <img
          alt="Economy"
          className="icon"
          data-nimg="1"
          decoding="async"
          height={40}
          loading="lazy"
          onError={[Function]}
          onLoad={[Function]}
          src="/_next/image?url=%2Fimg.jpg&w=96&q=75"
          srcSet="/_next/image?url=%2Fimg.jpg&w=48&q=75 1x, /_next/image?url=%2Fimg.jpg&w=96&q=75 2x"
          style={
            {
              "color": "transparent",
            }
          }
          title="Economy"
          width={40}
        />
        <h3
          className="h h3 title"
        >
          Economy
        </h3>
        <p
          className="p medium description"
        >
          Lorem ipsum dolor sit amet, consectetuer adipiscing elit.
        </p>
      </div>
    </a>
    <a
      className=""
      href="/category/technology"
      onClick={[Function]}
      onMouseEnter={[Function]}
      onTouchStart={[Function]}
    >
      <div
        className="card large"
      >
        <img
          alt="Technology"
          className="icon"
          data-nimg="1"
          decoding="async"
          height={40}
          loading="lazy"
          onError={[Function]}
          onLoad={[Function]}
          src="/_next/image?url=%2Fimg.jpg&w=96&q=75"
          srcSet="/_next/image?url=%2Fimg.jpg&w=48&q=75 1x, /_next/image?url=%2Fimg.jpg&w=96&q=75 2x"
          style={
            {
              "color": "transparent",
            }
          }
          title="Technology"
          width={40}
        />
        <h3
          className="h h3 title"
        >
          Technology
        </h3>
        <p
          className="p medium description"
        >
          Lorem ipsum dolor sit amet, consectetuer adipiscing elit.
        </p>
      </div>
    </a>
  </div>
</article>
`;
