// Jest Snapshot v1, https://goo.gl/fbAQLP

exports[`Footer button header snapshot 1`] = `
<footer
  className="footer"
>
  <div
    className="navbar"
  >
    <h1
      className="title"
    >
      Modsen Client Blog
    </h1>
    <nav
      className="nav"
    >
      <a
        className="navlink"
        href="/"
        onClick={[Function]}
        onMouseEnter={[Function]}
        onTouchStart={[Function]}
      >
        header.home
      </a>
      <a
        className="navlink"
        href="/blog"
        onClick={[Function]}
        onMouseEnter={[Function]}
        onTouchStart={[Function]}
      >
        header.blog
      </a>
      <a
        className="navlink"
        href="/contact"
        onClick={[Function]}
        onMouseEnter={[Function]}
        onTouchStart={[Function]}
      >
        header.about
      </a>
      <a
        className="navlink"
        href="/about"
        onClick={[Function]}
        onMouseEnter={[Function]}
        onTouchStart={[Function]}
      >
        header.contact
      </a>
      <a
        className="navlink"
        href="/privacy"
        onClick={[Function]}
        onMouseEnter={[Function]}
        onTouchStart={[Function]}
      >
        header.privacy
      </a>
    </nav>
  </div>
</footer>
`;
