// Jest Snapshot v1, https://goo.gl/fbAQLP

exports[`CategoryOverview CategoryOverview snapshot 1`] = `
<section
  className="wrapper"
>
  <h1
    className="h display title"
  >
    Business
  </h1>
  <p
    className="p medium description"
  >
    Lorem ipsum dolor sit amet, consectetuer adipiscing elit.
  </p>
  <p
    className="path"
  >
    BLOG &gt; 
    business
     
  </p>
</section>
`;
