// Jest Snapshot v1, https://goo.gl/fbAQLP

exports[`PostCard PostCard snapshot 1`] = `
<div
  className="wrapper"
>
  <div
    className="imageWrapper"
  >
    <img
      alt="Step-by-step guide to choosing great font pairs"
      data-nimg="1"
      decoding="async"
      height={318}
      loading="lazy"
      onError={[Function]}
      onLoad={[Function]}
      src="/_next/image?url=https%3A%2F%2Fimages.pexels.com%2Fphotos%2F3184405%2Fpexels-photo-3184405.jpeg%3Fauto%3Dcompress%26cs%3Dtinysrgb%26w%3D1260%26h%3D750%26dpr%3D1&w=1080&q=75"
      srcSet="/_next/image?url=https%3A%2F%2Fimages.pexels.com%2Fphotos%2F3184405%2Fpexels-photo-3184405.jpeg%3Fauto%3Dcompress%26cs%3Dtinysrgb%26w%3D1260%26h%3D750%26dpr%3D1&w=640&q=75 1x, /_next/image?url=https%3A%2F%2Fimages.pexels.com%2Fphotos%2F3184405%2Fpexels-photo-3184405.jpeg%3Fauto%3Dcompress%26cs%3Dtinysrgb%26w%3D1260%26h%3D750%26dpr%3D1&w=1080&q=75 2x"
      style={
        {
          "color": "transparent",
        }
      }
      title="Step-by-step guide to choosing great font pairs"
      width={490}
    />
  </div>
  <div
    className="info"
  >
    <p
      className="category"
    >
      startup
    </p>
    <a
      href="/posts/1"
      onClick={[Function]}
      onMouseEnter={[Function]}
      onTouchStart={[Function]}
    >
      <h2
        className="h h2 title"
      >
        Step-by-step guide to choosing great font pairs
      </h2>
    </a>
    <p
      className="p medium previewText"
    >
      Duis aute irure dolor in reprehenderit in voluptate velit esse cillum dolore eu fugiat nulla pariatur. Excepteur sint occaecat cupidatat non proident.
    </p>
  </div>
</div>
`;
